// Jest Snapshot v1, https://goo.gl/fbAQLP

exports[`<A /> should match the snapshot 1`] = `
<a
  className="sc-bdVaJa sc-bwzfXH fAferc"
/>
`;
