// Jest Snapshot v1, https://goo.gl/fbAQLP

exports[`<NotFound /> Matches snapshots 1`] = `
<div>
  <img
    alt="Error, pÃ¡gina no encontrada"
    src="IMAGE_MOCK"
    style={
      Object {
        "display": "block",
        "margin": "auto",
        "position": "relative",
      }
    }
  />
</div>
`;
