// Jest Snapshot v1, https://goo.gl/fbAQLP

exports[`<Button /> Matches snapshots 1`] = `
<div>
  <button
    data-testid="button"
  >
    save
  </button>
</div>
`;
