// Jest Snapshot v1, https://goo.gl/fbAQLP

exports[`<H3 /> Matches snapshots 1`] = `
<h3
  data-testid="h3"
  style={
    Object {
      "alignItems": "center",
      "display": "flex",
      "justifyContent": "center",
    }
  }
>
  save
</h3>
`;
