// Jest Snapshot v1, https://goo.gl/fbAQLP

exports[`<App /> should render and match the snapshot 1`] = `
<IntlProvider
  locale="en"
>
  <BrowserRouter>
    <div>
      <Header />
      <Switch>
        <Route
          component={[Function]}
          exact={true}
          path="/"
        />
        <Route
          component={[Function]}
          path="/SignUp"
        />
        <Route
          component={[Function]}
          path="/SignIn"
        />
        <Route
          component={[Function]}
          path="/Category"
        />
        <Route
          component={[Function]}
        />
      </Switch>
      <Footer />
    </div>
  </BrowserRouter>
</IntlProvider>
`;
