// Jest Snapshot v1, https://goo.gl/fbAQLP

exports[`<Footer /> should render and match the snapshot 1`] = `
<footer
  className="Wrapper-wcfdfo-0 borquH"
>
  <section>
    <span>
      This is the Footer for EventFinder!!!
    </span>
  </section>
</footer>
`;
