// Jest Snapshot v1, https://goo.gl/fbAQLP

exports[`<Categoria /> Matches snapshots 1`] = `
<h1
  className="title"
>
  Categor√≠as
</h1>
`;
